> Task :app:preBuild UP-TO-DATE
> Task :app:preDebugBuild UP-TO-DATE
> Task :app:mergeDebugNativeDebugMetadata NO-SOURCE
> Task :app:dataBindingMergeDependencyArtifactsDebug UP-TO-DATE
> Task :app:generateDebugResValues UP-TO-DATE
> Task :app:generateDebugResources UP-TO-DATE
> Task :app:mergeDebugResources UP-TO-DATE
> Task :app:packageDebugResources UP-TO-DATE
> Task :app:processDebugNavigationResources UP-TO-DATE
> Task :app:parseDebugLocalResources UP-TO-DATE
> Task :app:dataBindingGenBaseClassesDebug UP-TO-DATE
> Task :app:generateDebugBuildConfig UP-TO-DATE
> Task :app:generateDebugRFile UP-TO-DATE
> Task :app:javaPreCompileDebug UP-TO-DATE
> Task :app:generateDebugAssets UP-TO-DATE
> Task :app:mergeDebugAssets UP-TO-DATE
> Task :app:compressDebugAssets UP-TO-DATE
> Task :app:desugarDebugFileDependencies UP-TO-DATE
> Task :app:checkDebugAarMetadata UP-TO-DATE
> Task :app:compileDebugNavigationResources FAILED
> Task :app:compileDebugKotlin
w: file:///C:/Users/write/Documents/GitHub/DutyCam/app/src/main/java/app/grapheneos/camera/capturer/ImageSaver.kt:70:5 This annotation is currently applied to the value parameter only, but in the future it will also be applied to field.
- To opt in to applying to both value parameter and field, add '-Xannotation-default-target=param-property' to your compiler arguments.
- To keep applying to the value parameter only, use the '@param:' annotation target.

See https://youtrack.jetbrains.com/issue/KT-73255 for more details.
w: file:///C:/Users/write/Documents/GitHub/DutyCam/app/src/main/java/app/grapheneos/camera/capturer/ImageSaver.kt:71:5 This annotation is currently applied to the value parameter only, but in the future it will also be applied to field.
- To opt in to applying to both value parameter and field, add '-Xannotation-default-target=param-property' to your compiler arguments.
- To keep applying to the value parameter only, use the '@param:' annotation target.

See https://youtrack.jetbrains.com/issue/KT-73255 for more details.
w: file:///C:/Users/write/Documents/GitHub/DutyCam/app/src/main/java/app/grapheneos/camera/ui/activities/InAppGallery.kt:316:88 Unnecessary non-null assertion (!!) on a non-null receiver of type 'String'.

[Incubating] Problems report is available at: file:///C:/Users/write/Documents/GitHub/DutyCam/build/reports/problems/problems-report.html

Deprecated Gradle features were used in this build, making it incompatible with Gradle 10.

You can use '--warning-mode all' to show the individual deprecation warnings and determine if they come from your own scripts or plugins.

For more on this, please refer to https://docs.gradle.org/9.4.1/userguide/command_line_interface.html#sec:command_line_warnings in the Gradle documentation.
17 actionable tasks: 2 executed, 15 up-to-date
.\gradlew : 
At line:1 char:1
+ .\gradlew assembleDebug > build_output.txt 2>&1
+ ~~~~~~~~~~~~~~~~~~~~~~~~~~~~~~~~~~~~~~~~~~~~~~~
    + CategoryInfo          : NotSpecified: (:String) [], RemoteException
    + FullyQualifiedErrorId : NativeCommandError
 
FAILURE: Build failed with an exception.

* What went wrong:
Execution failed for task ':app:compileDebugNavigationResources'.
> A failure occurred while executing 
com.android.build.gradle.tasks.CompileNavigationXmlTask$CompileNavigationResourcesAction
   > Could not isolate value 
com.android.build.gradle.tasks.CompileNavigationXmlTask$CompileNavigationResourcesParams_Decorated@21e2a6d4 of type 
CompileNavigationXmlTask.CompileNavigationResourcesParams
      > Dependency verification failed for configuration ':app:detachedConfiguration2'
        One artifact failed verification: aapt2-9.0.0-14304508-windows.jar 
(com.android.tools.build:aapt2:9.0.0-14304508) from repository Google
        If the artifacts are trustworthy, you will need to update the gradle/verification-metadata.xml file. For more 
on how to do this, please refer to 
https://docs.gradle.org/9.4.1/userguide/dependency_verification.html#sec:troubleshooting-verification in the Gradle 
documentation.
        
        Open this report for more details: file:///C:/Users/write/Documents/GitHub/DutyCam/build/reports/dependency-ver
ification/at-1777023927790/dependency-verification-report.html

* Try:
> Run with --stacktrace option to get the stack trace.
> Run with --info or --debug option to get more log output.
> Run with --scan to get full insights from a Build Scan (powered by Develocity).
> Get more help at https://help.gradle.org.

BUILD FAILED in 56s
